18:08:02 [INFO] chem_dash: Opening ReactionBenchView from bench 'bench_hood_1'
18:08:04 [DEBUG] chem_dash: Reaction bench: entered 'equipment' section
18:08:06 [DEBUG] chem_dash: Reaction bench: back to overview from 'equipment'
18:08:06 [DEBUG] chem_dash: Reaction bench: entered 'recipes' section
18:08:21 [DEBUG] chem_dash: Reaction bench: back to overview from 'recipes'
18:08:22 [DEBUG] chem_dash: Reaction bench: entered 'inventory' section
18:08:27 [DEBUG] chem_dash: Reaction bench: back to overview from 'inventory'
18:08:28 [DEBUG] chem_dash: Reaction bench: entered 'recipes' section
18:10:44 [DEBUG] chem_dash: start_reaction: matched 'HBr + ethanol → ethyl bromide' for reagents {'HBr': 2.3253991515618972, 'ethanol': 2.3253991515618972}
18:10:44 [DEBUG] chem_dash: start_reaction: reserved equipment ['rb_flask_3', 'condenser_4', 'tubing_7', 'heating_mantle_10', 'stir_bar_13', 'magnetic_stirrer_16'] for 'HBr + ethanol → ethyl bromide'
18:10:44 [INFO] chem_dash: Started 'HBr + ethanol → ethyl bromide' (proc_1): condition_score=1.00, ready at t=4.07h
18:10:45 [DEBUG] chem_dash: Reaction bench: 'HBr + ethanol → ethyl bromide' not ready (4.00h remaining)
18:10:46 [INFO] chem_dash: Warped game clock to t=4.07h for 'HBr + ethanol → ethyl bromide'
18:10:46 [INFO] chem_dash: Collected 'HBr + ethanol → ethyl bromide' (proc_1): {'ethyl bromide (crude)': 2.3253991515618972, 'water': 2.3253991515618972}; released equipment ['rb_flask_3', 'condenser_4', 'tubing_7', 'heating_mantle_10', 'stir_bar_13', 'magnetic_stirrer_16']
18:10:47 [DEBUG] chem_dash: Reaction bench: back to overview from 'notebook'
18:10:48 [DEBUG] chem_dash: Reaction bench: left the bench, returning to lab floor
18:10:56 [INFO] chem_dash: Opening PurifyBenchView from bench 'bench_col_1'
18:10:58 [DEBUG] chem_dash: Purify bench: entered Auto Purify picker
18:10:59 [INFO] chem_dash: Auto-purified 173.54 mL ethyl bromide (crude) -> 143.11 mL ethyl bromide (82.5% yield), +0.25h
18:11:02 [DEBUG] chem_dash: Purify bench: left the bench, returning to lab floor
18:11:05 [INFO] chem_dash: Opening ReactionBenchView from bench 'bench_hood_1'
18:11:06 [DEBUG] chem_dash: Reaction bench: entered 'recipes' section
18:11:08 [DEBUG] chem_dash: Reaction bench: back to overview from 'recipes'
18:11:09 [DEBUG] chem_dash: Reaction bench: entered 'inventory' section
18:11:14 [DEBUG] chem_dash: Reaction bench: back to overview from 'inventory'
18:11:15 [DEBUG] chem_dash: Reaction bench: entered 'recipes' section
18:11:26 [WARNING] chem_dash: start_reaction rejected: not enough sodium cyanide (need 4.40 mol, have 2.04 mol)
18:11:37 [WARNING] chem_dash: start_reaction rejected: not enough sodium cyanide (need 5.36 mol, have 2.04 mol)
18:11:46 [DEBUG] chem_dash: Reaction bench: back to overview from 'recipes'
18:11:47 [DEBUG] chem_dash: Reaction bench: left the bench, returning to lab floor
